
> devlearn@0.0.0 build
> vite build

[36mvite v8.0.3 [32mbuilding client environment for production...[36m[39m
[2K
node.exe : Found 1 warning 
while optimizing generated CSS:
At line:1 char:1
+ & "C:\Program 
Files\nodejs/node.exe" 
"C:\Program 
Files\nodejs/node_mo ...
+ ~~~~~~~~~~~~~~~~~~~~~~~~~~~~~~
~~~~~~~~~~~~~~~~~~~~~~~~~~~~~~~~
~~~~~~~
    + CategoryInfo          : N 
   otSpecified: (Found 1 warni  
  ng... generated CSS::String   
 ) [], RemoteException
    + FullyQualifiedErrorId : N 
   ativeCommandError
 

[2mΓöé   }[22m
[2mΓöé }[22m
[2mΓöé[22m @import url('https:
//fonts.googleapis.com/css2?fami
ly=Inter:wght@300;400;500;600;70
0;800;900&family=Outfit:wght@300
;400;500;600;700;800;900&display
=swap');
[2mΓöå[22m        
[33m[2m^--[22m @import rules 
must precede all rules aside 
from @charset and @layer 
statements[39m
[2mΓöå[22m
[2mΓöé :root {[22m
[2mΓöé   --primary: 
#7C3AED;[22m

transforming...Γ£ô 2163 modules transformed.
rendering chunks...
[31mΓ£ù[39m Build failed in 
421ms
[31merror during build:
[31mBuild failed with 11 
errors:

[31m[MISSING_EXPORT] 
Error:[0m "Github" is not 
exported by "node_modules/lucide
-react/dist/esm/lucide-react.js"
.
   [38;5;246mΓò¡[0m[38;5;246m
ΓöÇ[0m[38;5;246m[[0m src/page
s/InstructorProfile.jsx:4:29 
[38;5;246m][0m
   [38;5;246mΓöé[0m
 [38;5;246m4 Γöé[0m [38;5;249
mi[0m[38;5;249mm[0m[38;5;249
mp[0m[38;5;249mo[0m[38;5;249
mr[0m[38;5;249mt[0m[38;5;249
m 
[0m[38;5;249m{[0m[38;5;249m 
[0m[38;5;249mA[0m[38;5;249mr
[0m[38;5;249mr[0m[38;5;249mo
[0m[38;5;249mw[0m[38;5;249mL
[0m[38;5;249me[0m[38;5;249mf
[0m[38;5;249mt[0m[38;5;249m,
[0m[38;5;249m [0m[38;5;249mM
[0m[38;5;249ma[0m[38;5;249mp
[0m[38;5;249mP[0m[38;5;249mi
[0m[38;5;249mn[0m[38;5;249m,
[0m[38;5;249m [0mGithub[38;5
;249m,[0m[38;5;249m [0m[38;5
;249mT[0m[38;5;249mw[0m[38;5
;249mi[0m[38;5;249mt[0m[38;5
;249mt[0m[38;5;249me[0m[38;5
;249mr[0m[38;5;249m,[0m[38;5
;249m [0m[38;5;249mL[0m[38;5
;249mi[0m[38;5;249mn[0m[38;5
;249mk[0m[38;5;249me[0m[38;5
;249md[0m[38;5;249mi[0m[38;5
;249mn[0m[38;5;249m,[0m[38;5
;249m [0m[38;5;249mG[0m[38;5
;249mr[0m[38;5;249ma[0m[38;5
;249md[0m[38;5;249mu[0m[38;5
;249ma[0m[38;5;249mt[0m[38;5
;249mi[0m[38;5;249mo[0m[38;5
;249mn[0m[38;5;249mC[0m[38;5
;249ma[0m[38;5;249mp[0m[38;5
;249m,[0m[38;5;249m [0m[38;5
;249mB[0m[38;5;249mo[0m[38;5
;249mo[0m[38;5;249mk[0m[38;5
;249mO[0m[38;5;249mp[0m[38;5
;249me[0m[38;5;249mn[0m[38;5
;249m,[0m[38;5;249m [0m[38;5
;249mS[0m[38;5;249mt[0m[38;5
;249ma[0m[38;5;249mr[0m[38;5
;249m,[0m[38;5;249m [0m[38;5
;249mU[0m[38;5;249ms[0m[38;5
;249me[0m[38;5;249mr[0m[38;5
;249ms[0m[38;5;249m 
[0m[38;5;249m}[0m[38;5;249m 
[0m[38;5;249mf[0m[38;5;249mr
[0m[38;5;249mo[0m[38;5;249mm
[0m[38;5;249m [0m[38;5;249m"
[0m[38;5;249ml[0m[38;5;249mu
[0m[38;5;249mc[0m[38;5;249mi
[0m[38;5;249md[0m[38;5;249me
[0m[38;5;249m-[0m[38;5;249mr
[0m[38;5;249me[0m[38;5;249ma
[0m[38;5;249mc[0m[38;5;249mt
[0m[38;5;249m"[0m[38;5;249m;
[0m
 [38;5;240m  Γöé[0m           
                  
ΓöÇΓöÇΓöÇΓö¼ΓöÇΓöÇ  
 [38;5;240m  Γöé[0m           
                     
Γò░ΓöÇΓöÇΓöÇΓöÇ Missing export
[38;5;246mΓöÇΓöÇΓöÇΓò»[0m

[31m[MISSING_EXPORT] 
Error:[0m "Twitter" is not 
exported by "node_modules/lucide
-react/dist/esm/lucide-react.js"
.
   [38;5;246mΓò¡[0m[38;5;246m
ΓöÇ[0m[38;5;246m[[0m src/page
s/InstructorProfile.jsx:4:37 
[38;5;246m][0m
   [38;5;246mΓöé[0m
 [38;5;246m4 Γöé[0m [38;5;249
mi[0m[38;5;249mm[0m[38;5;249
mp[0m[38;5;249mo[0m[38;5;249
mr[0m[38;5;249mt[0m[38;5;249
m 
[0m[38;5;249m{[0m[38;5;249m 
[0m[38;5;249mA[0m[38;5;249mr
[0m[38;5;249mr[0m[38;5;249mo
[0m[38;5;249mw[0m[38;5;249mL
[0m[38;5;249me[0m[38;5;249mf
[0m[38;5;249mt[0m[38;5;249m,
[0m[38;5;249m [0m[38;5;249mM
[0m[38;5;249ma[0m[38;5;249mp
[0m[38;5;249mP[0m[38;5;249mi
[0m[38;5;249mn[0m[38;5;249m,
[0m[38;5;249m [0m[38;5;249mG
[0m[38;5;249mi[0m[38;5;249mt
[0m[38;5;249mh[0m[38;5;249mu
[0m[38;5;249mb[0m[38;5;249m,
[0m[38;5;249m [0mTwitter[38;
5;249m,[0m[38;5;249m [0m[38;
5;249mL[0m[38;5;249mi[0m[38;
5;249mn[0m[38;5;249mk[0m[38;
5;249me[0m[38;5;249md[0m[38;
5;249mi[0m[38;5;249mn[0m[38;
5;249m,[0m[38;5;249m [0m[38;
5;249mG[0m[38;5;249mr[0m[38;
5;249ma[0m[38;5;249md[0m[38;
5;249mu[0m[38;5;249ma[0m[38;
5;249mt[0m[38;5;249mi[0m[38;
5;249mo[0m[38;5;249mn[0m[38;
5;249mC[0m[38;5;249ma[0m[38;
5;249mp[0m[38;5;249m,[0m[38;
5;249m [0m[38;5;249mB[0m[38;
5;249mo[0m[38;5;249mo[0m[38;
5;249mk[0m[38;5;249mO[0m[38;
5;249mp[0m[38;5;249me[0m[38;
5;249mn[0m[38;5;249m,[0m[38;
5;249m [0m[38;5;249mS[0m[38;
5;249mt[0m[38;5;249ma[0m[38;
5;249mr[0m[38;5;249m,[0m[38;
5;249m [0m[38;5;249mU[0m[38;
5;249ms[0m[38;5;249me[0m[38;
5;249mr[0m[38;5;249ms[0m[38;
5;249m 
[0m[38;5;249m}[0m[38;5;249m 
[0m[38;5;249mf[0m[38;5;249mr
[0m[38;5;249mo[0m[38;5;249mm
[0m[38;5;249m [0m[38;5;249m"
[0m[38;5;249ml[0m[38;5;249mu
[0m[38;5;249mc[0m[38;5;249mi
[0m[38;5;249md[0m[38;5;249me
[0m[38;5;249m-[0m[38;5;249mr
[0m[38;5;249me[0m[38;5;249ma
[0m[38;5;249mc[0m[38;5;249mt
[0m[38;5;249m"[0m[38;5;249m;
[0m
 [38;5;240m  Γöé[0m           
                          
ΓöÇΓöÇΓöÇΓö¼ΓöÇΓöÇΓöÇ  
 [38;5;240m  Γöé[0m           
                             
Γò░ΓöÇΓöÇΓöÇΓöÇΓöÇ Missing 
export
[38;5;246mΓöÇΓöÇΓöÇΓò»[0m

[31m[MISSING_EXPORT] 
Error:[0m "Linkedin" is not 
exported by "node_modules/lucide
-react/dist/esm/lucide-react.js"
.
   [38;5;246mΓò¡[0m[38;5;246m
ΓöÇ[0m[38;5;246m[[0m src/page
s/InstructorProfile.jsx:4:46 
[38;5;246m][0m
   [38;5;246mΓöé[0m
 [38;5;246m4 Γöé[0m [38;5;249
mi[0m[38;5;249mm[0m[38;5;249
mp[0m[38;5;249mo[0m[38;5;249
mr[0m[38;5;249mt[0m[38;5;249
m 
[0m[38;5;249m{[0m[38;5;249m 
[0m[38;5;249mA[0m[38;5;249mr
[0m[38;5;249mr[0m[38;5;249mo
[0m[38;5;249mw[0m[38;5;249mL
[0m[38;5;249me[0m[38;5;249mf
[0m[38;5;249mt[0m[38;5;249m,
[0m[38;5;249m [0m[38;5;249mM
[0m[38;5;249ma[0m[38;5;249mp
[0m[38;5;249mP[0m[38;5;249mi
[0m[38;5;249mn[0m[38;5;249m,
[0m[38;5;249m [0m[38;5;249mG
[0m[38;5;249mi[0m[38;5;249mt
[0m[38;5;249mh[0m[38;5;249mu
[0m[38;5;249mb[0m[38;5;249m,
[0m[38;5;249m [0m[38;5;249mT
[0m[38;5;249mw[0m[38;5;249mi
[0m[38;5;249mt[0m[38;5;249mt
[0m[38;5;249me[0m[38;5;249mr
[0m[38;5;249m,[0m[38;5;249m 
[0mLinkedin[38;5;249m,[0m[38
;5;249m [0m[38;5;249mG[0m[38
;5;249mr[0m[38;5;249ma[0m[38
;5;249md[0m[38;5;249mu[0m[38
;5;249ma[0m[38;5;249mt[0m[38
;5;249mi[0m[38;5;249mo[0m[38
;5;249mn[0m[38;5;249mC[0m[38
;5;249ma[0m[38;5;249mp[0m[38
;5;249m,[0m[38;5;249m [0m[38
;5;249mB[0m[38;5;249mo[0m[38
;5;249mo[0m[38;5;249mk[0m[38
;5;249mO[0m[38;5;249mp[0m[38
;5;249me[0m[38;5;249mn[0m[38
;5;249m,[0m[38;5;249m [0m[38
;5;249mS[0m[38;5;249mt[0m[38
;5;249ma[0m[38;5;249mr[0m[38
;5;249m,[0m[38;5;249m [0m[38
;5;249mU[0m[38;5;249ms[0m[38
;5;249me[0m[38;5;249mr[0m[38
;5;249ms[0m[38;5;249m 
[0m[38;5;249m}[0m[38;5;249m 
[0m[38;5;249mf[0m[38;5;249mr
[0m[38;5;249mo[0m[38;5;249mm
[0m[38;5;249m [0m[38;5;249m"
[0m[38;5;249ml[0m[38;5;249mu
[0m[38;5;249mc[0m[38;5;249mi
[0m[38;5;249md[0m[38;5;249me
[0m[38;5;249m-[0m[38;5;249mr
[0m[38;5;249me[0m[38;5;249ma
[0m[38;5;249mc[0m[38;5;249mt
[0m[38;5;249m"[0m[38;5;249m;
[0m
 [38;5;240m  Γöé[0m           
                                
   ΓöÇΓöÇΓöÇΓöÇΓö¼ΓöÇΓöÇΓöÇ  
 [38;5;240m  Γöé[0m           
                                
       Γò░ΓöÇΓöÇΓöÇΓöÇΓöÇ 
Missing export
[38;5;246mΓöÇΓöÇΓöÇΓò»[0m

[31m[MISSING_EXPORT] 
Error:[0m "Chrome" is not 
exported by "node_modules/lucide
-react/dist/esm/lucide-react.js"
.
   [38;5;246mΓò¡[0m[38;5;246m
ΓöÇ[0m[38;5;246m[[0m 
src/pages/Login.jsx:5:22 
[38;5;246m][0m
   [38;5;246mΓöé[0m
 [38;5;246m5 Γöé[0m [38;5;249
mi[0m[38;5;249mm[0m[38;5;249
mp[0m[38;5;249mo[0m[38;5;249
mr[0m[38;5;249mt[0m[38;5;249
m 
[0m[38;5;249m{[0m[38;5;249m 
[0m[38;5;249mM[0m[38;5;249ma
[0m[38;5;249mi[0m[38;5;249ml
[0m[38;5;249m,[0m[38;5;249m 
[0m[38;5;249mL[0m[38;5;249mo
[0m[38;5;249mc[0m[38;5;249mk
[0m[38;5;249m,[0m[38;5;249m 
[0mChrome[38;5;249m,[0m[38;5
;249m [0m[38;5;249mZ[0m[38;5
;249ma[0m[38;5;249mp[0m[38;5
;249m,[0m[38;5;249m [0m[38;5
;249mE[0m[38;5;249my[0m[38;5
;249me[0m[38;5;249m,[0m[38;5
;249m [0m[38;5;249mE[0m[38;5
;249my[0m[38;5;249me[0m[38;5
;249mO[0m[38;5;249mf[0m[38;5
;249mf[0m[38;5;249m 
[0m[38;5;249m}[0m[38;5;249m 
[0m[38;5;249mf[0m[38;5;249mr
[0m[38;5;249mo[0m[38;5;249mm
[0m[38;5;249m [0m[38;5;249m"
[0m[38;5;249ml[0m[38;5;249mu
[0m[38;5;249mc[0m[38;5;249mi
[0m[38;5;249md[0m[38;5;249me
[0m[38;5;249m-[0m[38;5;249mr
[0m[38;5;249me[0m[38;5;249ma
[0m[38;5;249mc[0m[38;5;249mt
[0m[38;5;249m"[0m[38;5;249m;
[0m
 [38;5;240m  Γöé[0m           
           ΓöÇΓöÇΓöÇΓö¼ΓöÇΓöÇ  
 [38;5;240m  Γöé[0m           
              Γò░ΓöÇΓöÇΓöÇΓöÇ 
Missing export
[38;5;246mΓöÇΓöÇΓöÇΓò»[0m

[31m[MISSING_EXPORT] 
Error:[0m "Chrome" is not 
exported by "node_modules/lucide
-react/dist/esm/lucide-react.js"
.
   [38;5;246mΓò¡[0m[38;5;246m
ΓöÇ[0m[38;5;246m[[0m 
src/pages/Signup.jsx:5:41 
[38;5;246m][0m
   [38;5;246mΓöé[0m
 [38;5;246m5 Γöé[0m [38;5;249
mi[0m[38;5;249mm[0m[38;5;249
mp[0m[38;5;249mo[0m[38;5;249
mr[0m[38;5;249mt[0m[38;5;249
m 
[0m[38;5;249m{[0m[38;5;249m 
[0m[38;5;249mU[0m[38;5;249ms
[0m[38;5;249me[0m[38;5;249mr
[0m[38;5;249m,[0m[38;5;249m 
[0m[38;5;249mM[0m[38;5;249ma
[0m[38;5;249mi[0m[38;5;249ml
[0m[38;5;249m,[0m[38;5;249m 
[0m[38;5;249mL[0m[38;5;249mo
[0m[38;5;249mc[0m[38;5;249mk
[0m[38;5;249m,[0m[38;5;249m 
[0m[38;5;249mE[0m[38;5;249my
[0m[38;5;249me[0m[38;5;249m,
[0m[38;5;249m [0m[38;5;249mE
[0m[38;5;249my[0m[38;5;249me
[0m[38;5;249mO[0m[38;5;249mf
[0m[38;5;249mf[0m[38;5;249m,
[0m[38;5;249m [0mChrome[38;5
;249m,[0m[38;5;249m [0m[38;5
;249mZ[0m[38;5;249ma[0m[38;5
;249mp[0m[38;5;249m 
[0m[38;5;249m}[0m[38;5;249m 
[0m[38;5;249mf[0m[38;5;249mr
[0m[38;5;249mo[0m[38;5;249mm
[0m[38;5;249m [0m[38;5;249m"
[0m[38;5;249ml[0m[38;5;249mu
[0m[38;5;249mc[0m[38;5;249mi
[0m[38;5;249md[0m[38;5;249me
[0m[38;5;249m-[0m[38;5;249mr
[0m[38;5;249me[0m[38;5;249ma
[0m[38;5;249mc[0m[38;5;249mt
[0m[38;5;249m"[0m[38;5;249m;
[0m
 [38;5;240m  Γöé[0m           
                              
ΓöÇΓöÇΓöÇΓö¼ΓöÇΓöÇ  
 [38;5;240m  Γöé[0m           
                                
 Γò░ΓöÇΓöÇΓöÇΓöÇ Missing export
[38;5;246mΓöÇΓöÇΓöÇΓò»[0m

...[31m
    at aggregateBindingErrorsInt
oJsError (file:///C:/Users/DEVAN
SHI%20VADIYA/OneDrive/Desktop/De
vLearn/node_modules/rolldown/dis
t/shared/error-BLhcSyeg.mjs:48:1
8)
    at unwrapBindingResult (file
:///C:/Users/DEVANSHI%20VADIYA/O
neDrive/Desktop/DevLearn/node_mo
dules/rolldown/dist/shared/error
-BLhcSyeg.mjs:18:128)
    at #build (file:///C:/Users/
DEVANSHI%20VADIYA/OneDrive/Deskt
op/DevLearn/node_modules/rolldow
n/dist/shared/rolldown-build-CPr
IX9V6.mjs:3313:34)
    at async buildEnvironment (f
ile:///C:/Users/DEVANSHI%20VADIY
A/OneDrive/Desktop/DevLearn/node
_modules/vite/dist/node/chunks/n
ode.js:32849:64)
    at async Object.build (file:
///C:/Users/DEVANSHI%20VADIYA/On
eDrive/Desktop/DevLearn/node_mod
ules/vite/dist/node/chunks/node.
js:33271:19)
    at async Object.buildApp (fi
le:///C:/Users/DEVANSHI%20VADIYA
/OneDrive/Desktop/DevLearn/node_
modules/vite/dist/node/chunks/no
de.js:33268:153)
    at async CAC.<anonymous> (fi
le:///C:/Users/DEVANSHI%20VADIYA
/OneDrive/Desktop/DevLearn/node_
modules/vite/dist/node/cli.js:77
8:3) {
  errors: [Getter/Setter]
}[39m
